]0;/home/ghy/test/coursera/Data_Science_with_python/xutie-python]0;ghy@ghy-ThinkPad-T440: ~/test/coursera/Data_Science_with_python/xutie-pythonghy@ghy-ThinkPad-T440:~/test/coursera/Data_Science_with_python/xutie-python$ [K]0;ghy@ghy-ThinkPad-T440: ~/test/coursera/Data_Science_with_python/xutie-pythonghy@ghy-ThinkPad-T440:~/test/coursera/Data_Science_with_python/xutie-python$ git nini[K[K[K[Kinit
Initialized empty Git repository in /home/ghy/test/coursera/Data_Science_with_python/xutie-python/.git/
]0;/home/ghy/test/coursera/Data_Science_with_python/xutie-python]0;ghy@ghy-ThinkPad-T440: ~/test/coursera/Data_Science_with_python/xutie-pythonghy@ghy-ThinkPad-T440:~/test/coursera/Data_Science_with_python/xutie-python$ git commit -m "first  commit"
On branch master

Initial commit

Untracked files:
	[31m.Rproj.user/[m
	[31mREADME.md[m
	[31mxutie-python.Rproj[m

nothing added to commit but untracked files present
]0;/home/ghy/test/coursera/Data_Science_with_python/xutie-python]0;ghy@ghy-ThinkPad-T440: ~/test/coursera/Data_Science_with_python/xutie-pythonghy@ghy-ThinkPad-T440:~/test/coursera/Data_Science_with_python/xutie-python$ git add .
]0;/home/ghy/test/coursera/Data_Science_with_python/xutie-python]0;ghy@ghy-ThinkPad-T440: ~/test/coursera/Data_Science_with_python/xutie-pythonghy@ghy-ThinkPad-T440:~/test/coursera/Data_Science_with_python/xutie-python$ git add .commit -m "first ccommit"
[master (root-commit) aa4ea1a] first commit
 10 files changed, 69 insertions(+)
 create mode 100644 .Rproj.user/1506B92E/console06/513F26BD
 create mode 100644 .Rproj.user/1506B92E/console06/INDEX001
 create mode 100644 .Rproj.user/1506B92E/sources/prop/93A1D9F0
 create mode 100644 .Rproj.user/1506B92E/sources/prop/INDEX
 create mode 100644 .Rproj.user/1506B92E/sources/s-B95315C/D57870FE
 create mode 100644 .Rproj.user/1506B92E/sources/s-B95315C/D57870FE-contents
 create mode 100644 .Rproj.user/1506B92E/sources/s-B95315C/lock_file
 create mode 100644 .Rproj.user/shared/notebooks/patch-chunk-names
 create mode 100644 README.md
 create mode 100644 xutie-python.Rproj
]0;/home/ghy/test/coursera/Data_Science_with_python/xutie-python]0;ghy@ghy-ThinkPad-T440: ~/test/coursera/Data_Science_with_python/xutie-pythonghy@ghy-ThinkPad-T440:~/test/coursera/Data_Science_with_python/xutie-python$ git remote add origin  git@githu[K[Khub.com:HeyangGong/python-learning-xutie.git
]0;/home/ghy/test/coursera/Data_Science_with_python/xutie-python]0;ghy@ghy-ThinkPad-T440: ~/test/coursera/Data_Science_with_python/xutie-pythonghy@ghy-ThinkPad-T440:~/test/coursera/Data_Science_with_python/xutie-python$ git push -u origina[K ma ster
Counting objects: 18, done.
Delta compression using up to 4 threads.
Compressing objects:   6% (1/15)   Compressing objects:  13% (2/15)   Compressing objects:  20% (3/15)   Compressing objects:  26% (4/15)   Compressing objects:  33% (5/15)   Compressing objects:  40% (6/15)   Compressing objects:  46% (7/15)   Compressing objects:  53% (8/15)   Compressing objects:  60% (9/15)   Compressing objects:  66% (10/15)   Compressing objects:  73% (11/15)   Compressing objects:  80% (12/15)   Compressing objects:  86% (13/15)   Compressing objects:  93% (14/15)   Compressing objects: 100% (15/15)   Compressing objects: 100% (15/15), done.
Writing objects:   5% (1/18)   Writing objects:  11% (2/18)   Writing objects:  16% (3/18)   Writing objects:  22% (4/18)   Writing objects:  27% (5/18)   Writing objects:  33% (6/18)   Writing objects:  38% (7/18)   Writing objects:  44% (8/18)   Writing objects:  50% (9/18)   Writing objects:  55% (10/18)   Writing objects:  61% (11/18)   Writing objects:  66% (12/18)   Writing objects:  72% (13/18)   Writing objects:  77% (14/18)   Writing objects:  83% (15/18)   Writing objects:  88% (16/18)   Writing objects:  94% (17/18)   Writing objects: 100% (18/18)   Writing objects: 100% (18/18), 2.20 KiB | 0 bytes/s, done.
Total 18 (delta 0), reused 0 (delta 0)
To git@github.com:HeyangGong/python-learning-xutie.git
 * [new branch]      master -> master
Branch master set up to track remote branch master from origin.
]0;/home/ghy/test/coursera/Data_Science_with_python/xutie-python]0;ghy@ghy-ThinkPad-T440: ~/test/coursera/Data_Science_with_python/xutie-pythonghy@ghy-ThinkPad-T440:~/test/coursera/Data_Science_with_python/xutie-python$ git add .
]0;/home/ghy/test/coursera/Data_Science_with_python/xutie-python]0;ghy@ghy-ThinkPad-T440: ~/test/coursera/Data_Science_with_python/xutie-pythonghy@ghy-ThinkPad-T440:~/test/coursera/Data_Science_with_python/xutie-python$ git add .push -u origin masster[A]0;ghy@ghy-ThinkPad-T440: ~/test/coursera/Data_Science_with_python/xutie-pythonghy@ghy-ThinkPad-T440:~/test/coursera/Data_Science_with_python/xutie-python$ [C[C[C[Cremote add origin git@github.com:HeyangGong/python-learning-xutie.git[A]0;ghy@ghy-ThinkPad-T440: ~/test/coursera/Data_Science_with_python/xutie-pythonghy@ghy-ThinkPad-T440:~/test/coursera/Data_Science_with_python/xutie-python$ [C[C[C[Ccommit -m "first commit"[K[A[C[C[C[C[C[C[C[C[C[C[C[C[C[C[C[C[C[C[C[C[C[C[C[C[C[C[C[C[C[C[C[C[C[C[C[C[C[C[C[C[C[C[C[C[C[C[C[C[C[C[C[C[C[C[C[C[C[C[C[C[C[C[C[C[C[C[C[C[C[C[C[C[C[C[C[C[C[C[C[C[C[C[C[C[C[C[C[C[C[C[C[C[C[C[C[C[C[Cremote add origin git@github.com:HeyangGong/python-learning-xutie.git[A]0;ghy@ghy-ThinkPad-T440: ~/test/coursera/Data_Science_with_python/xutie-pythonghy@ghy-ThinkPad-T440:~/test/coursera/Data_Science_with_python/xutie-python$ [C[C[C[Ccommit -m "first commit"[K[A]0;ghy@ghy-ThinkPad-T440: ~/test/coursera/Data_Science_with_python/xutie-pythonghy@ghy-ThinkPad-T440:~/test/coursera/Data_Science_with_python/xutie-python$ [C[C[C[Cadd .[K
[K[A[C[C[C[C[C[C[C[C[C[C[C[C[C[C[C[C[C[C[C[C[C[C[C[C[C[C[C[C[C[C[C[C[C[C[C[C[C[C[C[C[C[C[C[C[C[C[C[C[C[C[C[C[C[C[C[C[C[C[C[C[C[C[C[C[C[C[C[C[C[C[C[C[C[C[C[C[C[C[C[C[C[C[C[C[C[Ccommit -m "first ccommit"[K[K[K[K[K[K[K[A[C[C[C[C[C[C[C[C[C[C[C[C[C[C[C[C[C[C[C[C[C[C[C[C[C[C[C[C[C[C[C[C[C[C[C[C[C[C[C[C[C[C[C[C[C[C[C[C[C[C[C[C[C[C[C[C[C[C[C[C[C[C[C[C[C[C[C[C[C[C[C[C[C[C[C[C[C[C[C[C[C[C[C[C[C[C[C[C[C[C[C[C[C[C[C[C[C[K
[K[A[C[C[C[C[C[C[C[C[C[C[C[C[C[C[C[C[C[C[C[C[C[C[C[C[C[C[C[C[C[C[C[C[C[C[C[C[C[C[C[C[C[C[C[C[C[C[C[C[C[C[C[C[C[C[C[C[C[C[C[C[C[C[C[C[C[C[C[C[C[C[C[C[C[C[C[C[C[C[C[C[C[C[C[C[C[C[C[C[C[C[C[C[C[C[C[C[C[K[K[K[K[Kadd co urse materials"
[master a33686c] add course materials
 12 files changed, 26317 insertions(+), 7 deletions(-)
 create mode 100644 course-notes-coursera/Assignment+2.ipynb
 create mode 100644 course-notes-coursera/Assignment+3.ipynb
 create mode 100644 course-notes-coursera/Assignment+4.ipynb
 create mode 100644 course-notes-coursera/Week+1.ipynb
 create mode 100644 course-notes-coursera/Week+2.ipynb
 create mode 100644 course-notes-coursera/Week+3.ipynb
 create mode 100644 course-notes-coursera/Week+4.ipynb
]0;/home/ghy/test/coursera/Data_Science_with_python/xutie-python]0;ghy@ghy-ThinkPad-T440: ~/test/coursera/Data_Science_with_python/xutie-pythonghy@ghy-ThinkPad-T440:~/test/coursera/Data_Science_with_python/xutie-python$ git commit -m "add couurse materials"[A]0;ghy@ghy-ThinkPad-T440: ~/test/coursera/Data_Science_with_python/xutie-pythonghy@ghy-ThinkPad-T440:~/test/coursera/Data_Science_with_python/xutie-python$ [C[C[C[Cadd .[K
[K[A[C[C[C[C[C[C[C[C[C[C[C[C[C[C[C[C[C[C[C[C[C[C[C[C[C[C[C[C[C[C[C[C[C[C[C[C[C[C[C[C[C[C[C[C[C[C[C[C[C[C[C[C[C[C[C[C[C[C[C[C[C[C[C[C[C[C[C[C[C[C[C[C[C[C[C[C[C[C[C[C[C[C[C[C[C[Cpush -u origin masster
Counting objects: 20, done.
Delta compression using up to 4 threads.
Compressing objects:   5% (1/20)   Compressing objects:  10% (2/20)   Compressing objects:  15% (3/20)   Compressing objects:  20% (4/20)   Compressing objects:  25% (5/20)   Compressing objects:  30% (6/20)   Compressing objects:  35% (7/20)   Compressing objects:  40% (8/20)   Compressing objects:  45% (9/20)   Compressing objects:  50% (10/20)   Compressing objects:  55% (11/20)   Compressing objects:  60% (12/20)   Compressing objects:  65% (13/20)   Compressing objects:  70% (14/20)   Compressing objects:  75% (15/20)   Compressing objects:  80% (16/20)   Compressing objects:  85% (17/20)   Compressing objects:  90% (18/20)   Compressing objects:  95% (19/20)   Compressing objects: 100% (20/20)   Compressing objects: 100% (20/20), done.
Writing objects:   5% (1/20)   Writing objects:  10% (2/20)   Writing objects:  15% (3/20)   Writing objects:  20% (4/20)   Writing objects:  25% (5/20)   Writing objects:  30% (6/20)   Writing objects:  35% (7/20)   Writing objects:  40% (8/20)   Writing objects:  45% (9/20)   Writing objects:  50% (10/20)   Writing objects:  55% (11/20)   Writing objects:  60% (12/20)   Writing objects:  65% (13/20)   Writing objects:  75% (15/20)   Writing objects:  80% (16/20)   Writing objects:  85% (17/20)   Writing objects:  90% (18/20)   Writing objects:  95% (19/20)   Writing objects: 100% (20/20)   Writing objects: 100% (20/20), 109.50 KiB | 0 bytes/s, done.
Total 20 (delta 5), reused 0 (delta 0)
remote: Resolving deltas:   0% (0/5)   [Kremote: Resolving deltas:  40% (2/5)   [Kremote: Resolving deltas:  60% (3/5)   [Kremote: Resolving deltas:  80% (4/5)   [Kremote: Resolving deltas: 100% (5/5)   [Kremote: Resolving deltas: 100% (5/5), completed with 2 local objects.[K
To git@github.com:HeyangGong/python-learning-xutie.git
   aa4ea1a..a33686c  master -> master
Branch master set up to track remote branch master from origin.
[K]0;ghy@ghy-ThinkPad-T440: ~/test/coursera/Data_Science_with_python/xutie-pythonghy@ghy-ThinkPad-T440:~/test/coursera/Data_Science_with_python/xutie-python$ pip install --ignore-iinstalled --upgrade https://storage.googleapis.com/tensorflow/linux/cpu/tensorflow-0.8.0rc0-cp36-cpp36m-linux_x86_64.whl[A[A]0;ghy@ghy-ThinkPad-T440: ~/test/coursera/Data_Science_with_python/xutie-pythonghy@ghy-ThinkPad-T440:~/test/coursera/Data_Science_with_python/xutie-python$ vpn[K
[K
[K[A[A[C[C[C[C[C[C[C[C[C[C[C[C[C[C[C[C[C[C[C[C[C[C[C[C[C[C[C[C[C[C[C[C[C[C[C[C[C[C[C[C[C[C[C[C[C[C[C[C[C[C[C[C[C[C[C[C[C[C[C[C[C[C[C[C[C[C[C[C[C[C[C[C[C[C[C[C[C[C[C[Cpip install --ignore-iinstalled --upgrade https://storage.googleapis.com/tensorflow/linux/cpu/tensorflow-0.8.0rc0-cp36-cpp36m-linux_x86_64.whl[A[C[C[C[C[C[C[C[C[C[C[C[C[C[C[C[C[C[C[C[C[C[C[C[C[C[C[C[C[C[C[C[C[C[C[C[C[C[C[C[C[C[C[C[C[C[C[C[C[C[C[C[C[C[C[C[C[C[C[C[C[C[C[C[C[C[C[C[C[C[C[C[C[C[C4-cp[C4m-linux_x86_64.whl[A[A]0;ghy@ghy-ThinkPad-T440: ~/test/coursera/Data_Science_with_python/xutie-pythonghy@ghy-ThinkPad-T440:~/test/coursera/Data_Science_with_python/xutie-python$ sudo -H pip3 install --upgrade pip[K
[K[A[C[C[C[C[C[C[C[C[C[C[C[C[C[K[A]0;ghy@ghy-ThinkPad-T440: ~/test/coursera/Data_Science_with_python/xutie-pythonghy@ghy-ThinkPad-T440:~/test/coursera/Data_Science_with_python/xutie-python$ [C[C[C[C[Cpip3 install --up[3Pgrade[A]0;ghy@ghy-ThinkPad-T440: ~/test/coursera/Data_Science_with_python/xutie-pythonghy@ghy-ThinkPad-T440:~/test/coursera/Data_Science_with_python/xutie-python$ [14Phistory
[K[A[C[C[C[C[C[C[C[C[C[C[C[C[C[C[C[C[C[C[C[C[C[C[C[C[C[C[C[C[C[C[C[C[C[C[C[C[C[C[C[C[C[C[C[C[C[C[C[C[C[C[C[C[C[C[C[C[C[C[C[C[C[C[C[C[C[C[C[C[C[C[C[C[C[C[C[C[C[C[C[C[C[C[C[C./startgit push -u origin masster[A]0;ghy@ghy-ThinkPad-T440: ~/test/coursera/Data_Science_with_python/xutie-pythonghy@ghy-ThinkPad-T440:~/test/coursera/Data_Science_with_python/xutie-python$ [C[C[C[Ccommit -m "add course materials"[A]0;ghy@ghy-ThinkPad-T440: ~/test/coursera/Data_Science_with_python/xutie-pythonghy@ghy-ThinkPad-T440:~/test/coursera/Data_Science_with_python/xutie-python$ [C[C[C[Cadd .[K
[K[A[C[C[C[C[C[C[C[C[C[C[C[C[C[C[C[C[C[C[C[C[C[C[C[C[C[C[C[C[C[C[C[C[C[C[C[C[C[C[C[C[C[C[C[C[C[C[C[C[C[C[C[C[C[C[C[C[C[C[C[C[C[C[C[C[C[C[C[C[C[C[C[C[C[C[C[C[C[C[C[C[C[C[C[C[C[C